// Jest Snapshot v1, https://goo.gl/fbAQLP

exports[`pruebas en <LoginPage></LoginPage> debe de renderizarse el componente LoginPage 1`] = `<LoginPage />`;
