// Jest Snapshot v1, https://goo.gl/fbAQLP

exports[`pruebas en HookApp debe de mostrar correctamente HookApp  1`] = `
<div>
  <h1>
    hola a todos
  </h1>
</div>
`;
