// Jest Snapshot v1, https://goo.gl/fbAQLP

exports[`pruebas en <MultipleCustomHooks></MultipleCustomHooks> debe de renderizar correctamente el componente  1`] = `
<div>
  <h1>
    BreakingBad Quotes
  </h1>
  <hr />
  <div
    className="alert alert-info text-center"
  >
    Loading...
  </div>
  <button
    className="btn btn-primary"
    onClick={[Function]}
  >
    Siguiente frase
  </button>
</div>
`;
